{
  "name": "simple",
  "lslVersion": "1.0.0",
  "types": [
    {
      "name": "Int",
      "isPointer": false,
      "kind": "simple",
      "originalType": {
        "name": "int32",
        "isPointer": false,
        "kind": "int32",
        "capacity": "INT32"
      }
    },
    {
      "name": "String",
      "isPointer": false,
      "kind": "simple",
      "originalType": {
        "name": "string",
        "isPointer": false,
        "kind": "string"
      }
    }
  ],
  "automata": [
    {
      "name": "A",
      "type": "Int",
      "constructorVariables": [
        {
          "name": "i",
          "type": "Int"
        },
        {
          "name": "s",
          "type": "String"
        }
      ],
      "variables": [
        {
          "name": "i",
          "type": "Int"
        }
      ],
      "states": [],
      "shifts": [],
      "functions": [
        {
          "name": "func",
          "automaton": "A",
          "target": "A",
          "hasBody": true,
          "args": [],
          "contracts": [],
          "statements": [
            {
              "kind": "assignment",
              "variable": "i",
              "value": {
                "kind": "callAutomatonConstructor",
                "automatonName": "B",
                "state": "s1",
                "args": [
                  {
                    "name": "v",
                    "value": {
                      "kind": "binary",
                      "op": "DIV",
                      "left": {
                        "kind": "binary",
                        "op": "ADD",
                        "left": {
                          "kind": "integer",
                          "value": 1
                        },
                        "right": {
                          "kind": "integer",
                          "value": 1
                        }
                      },
                      "right": {
                        "kind": "integer",
                        "value": 2
                      }
                    }
                  }
                ]
              }
            }
          ]
        }
      ]
    },
    {
      "name": "B",
      "type": "Int",
      "constructorVariables": [
        {
          "name": "v",
          "type": "Int"
        }
      ],
      "variables": [],
      "states": [
        {
          "name": "s1",
          "kind": "SIMPLE"
        }
      ],
      "shifts": [],
      "functions": []
    }
  ]
}