{
  "name": "simple",
  "lslVersion": "1.0.0",
  "types": [
    {
      "name": "Int",
      "isPointer": false,
      "kind": "alias",
      "originalType": {
        "name": "int32",
        "isPointer": false,
        "kind": "int32",
        "capacity": "INT32"
      }
    },
    {
      "name": "T",
      "isPointer": false,
      "kind": "alias",
      "originalType": {
        "name": "array",
        "isPointer": false,
        "kind": "array",
        "type": {
          "name": "Int",
          "isPointer": false,
          "kind": "alias",
          "originalType": {
            "name": "int32",
            "isPointer": false,
            "kind": "int32",
            "capacity": "INT32"
          }
        }
      }
    }
  ],
  "automata": [
    {
      "name": "A",
      "type": "Int",
      "constructorVariables": [],
      "variables": [],
      "states": [],
      "shifts": [],
      "functions": [
        {
          "name": "f",
          "automaton": "A",
          "target": "A",
          "hasBody": true,
          "args": [
            {
              "name": "param",
              "type": "T"
            },
            {
              "name": "bad",
              "type": "Int"
            }
          ],
          "contracts": [],
          "statements": [
            {
              "kind": "assignment",
              "variable": "paramnull[IntegerLiteral(value\u003d0)]",
              "value": {
                "kind": "integer",
                "value": 1
              }
            }
          ]
        }
      ]
    }
  ]
}