{
  "name": "simple",
  "lslVersion": "1.0.0",
  "types": [
    {
      "name": "Int",
      "isPointer": false,
      "kind": "simple",
      "originalType": {
        "name": "int32",
        "isPointer": false,
        "kind": "int32",
        "capacity": "INT32"
      }
    }
  ],
  "automata": [
    {
      "name": "A",
      "type": "Int",
      "constructorVariables": [],
      "variables": [
        {
          "name": "i",
          "type": "Int"
        }
      ],
      "states": [],
      "shifts": [],
      "functions": [
        {
          "name": "f",
          "automaton": "A",
          "target": "A",
          "hasBody": true,
          "args": [
            {
              "name": "a",
              "type": "Int"
            }
          ],
          "contracts": [],
          "statements": [
            {
              "kind": "assignment",
              "variable": "A(a).i",
              "value": {
                "kind": "integer",
                "value": 0
              }
            }
          ]
        }
      ]
    }
  ]
}