{
  "name": "simple",
  "lslVersion": "1.0.0",
  "types": [
    {
      "name": "Int",
      "isPointer": false,
      "kind": "alias",
      "originalType": {
        "name": "int32",
        "isPointer": false,
        "kind": "int32",
        "capacity": "INT32"
      }
    },
    {
      "name": "StructureType",
      "isPointer": false,
      "kind": "structured",
      "entries": [
        {
          "name": "field",
          "type": {
            "name": "Int",
            "isPointer": false,
            "kind": "alias",
            "originalType": {
              "name": "int32",
              "isPointer": false,
              "kind": "int32",
              "capacity": "INT32"
            }
          }
        }
      ]
    }
  ],
  "automata": [
    {
      "name": "A",
      "type": "Int",
      "constructorVariables": [],
      "variables": [],
      "states": [],
      "shifts": [],
      "functions": [
        {
          "name": "foo",
          "automaton": "A",
          "target": "A",
          "hasBody": false,
          "args": [
            {
              "name": "param",
              "type": "Int"
            }
          ],
          "contracts": [
            {
              "kind": "ASSIGNS",
              "expression": {
                "kind": "qualifiedAccess",
                "access": {
                  "kind": "variableAccess",
                  "name": "param",
                  "variableInfo": {
                    "name": "param",
                    "fullName": "foo.param",
                    "type": {
                      "name": "Int",
                      "isPointer": false,
                      "kind": "alias",
                      "originalType": {
                        "name": "int32",
                        "isPointer": false,
                        "kind": "int32",
                        "capacity": "INT32"
                      }
                    },
                    "kind": "functionArgument",
                    "function": "A.foo",
                    "functionArgTypes": [
                      "Int"
                    ]
                  },
                  "type": "Int"
                }
              }
            }
          ],
          "statements": []
        },
        {
          "name": "foo",
          "automaton": "A",
          "target": "A",
          "hasBody": false,
          "args": [
            {
              "name": "param",
              "type": "StructureType"
            }
          ],
          "contracts": [
            {
              "name": "namedAssigns",
              "kind": "ASSIGNS",
              "expression": {
                "kind": "qualifiedAccess",
                "access": {
                  "kind": "variableAccess",
                  "name": "param",
                  "variableInfo": {
                    "name": "param",
                    "fullName": "foo.param",
                    "type": {
                      "name": "StructureType",
                      "isPointer": false,
                      "kind": "structured",
                      "entries": [
                        {
                          "name": "field",
                          "type": {
                            "name": "Int",
                            "isPointer": false,
                            "kind": "alias",
                            "originalType": {
                              "name": "int32",
                              "isPointer": false,
                              "kind": "int32",
                              "capacity": "INT32"
                            }
                          }
                        }
                      ]
                    },
                    "kind": "functionArgument",
                    "function": "A.foo",
                    "functionArgTypes": [
                      "StructureType"
                    ]
                  },
                  "type": "StructureType",
                  "child": {
                    "kind": "variableAccess",
                    "name": "field",
                    "type": "Int"
                  }
                }
              }
            }
          ],
          "statements": []
        }
      ]
    }
  ]
}