{
  "name": "simple",
  "lslVersion": "1.0.0",
  "types": [
    {
      "name": "Int",
      "isPointer": false,
      "kind": "alias",
      "originalType": {
        "name": "int32",
        "isPointer": false,
        "kind": "int32",
        "capacity": "INT32"
      }
    }
  ],
  "automata": [
    {
      "name": "A",
      "type": "Int",
      "constructorVariables": [],
      "variables": [
        {
          "name": "i",
          "type": "Int"
        }
      ],
      "states": [],
      "shifts": [],
      "functions": [
        {
          "name": "f",
          "automaton": "A",
          "returnType": "Int",
          "target": "A",
          "hasBody": true,
          "args": [
            {
              "name": "param",
              "type": "Int"
            }
          ],
          "contracts": [],
          "statements": [
            {
              "kind": "assignment",
              "variable": "result",
              "value": {
                "kind": "callAutomatonConstructor",
                "automatonName": "123",
                "state": "Init",
                "args": []
              }
            }
          ]
        },
        {
          "name": "\u003ctest\u003e",
          "automaton": "A",
          "returnType": "Int",
          "target": "A",
          "hasBody": true,
          "args": [],
          "contracts": [],
          "statements": []
        }
      ]
    },
    {
      "name": "123",
      "type": "Int",
      "constructorVariables": [],
      "variables": [],
      "states": [
        {
          "name": "Init",
          "kind": "INIT"
        }
      ],
      "shifts": [],
      "functions": []
    }
  ]
}