{
  "name": "simple",
  "lslVersion": "1.0.0",
  "types": [
    {
      "name": "Int",
      "isPointer": false,
      "kind": "simple",
      "originalType": {
        "name": "int32",
        "isPointer": false,
        "kind": "int32",
        "capacity": "INT32"
      }
    }
  ],
  "automata": [
    {
      "name": "A",
      "type": "Int",
      "constructorVariables": [],
      "variables": [
        {
          "name": "b",
          "type": "Int"
        }
      ],
      "states": [],
      "shifts": [],
      "functions": [
        {
          "name": "foo",
          "automaton": "A",
          "target": "A",
          "hasBody": true,
          "args": [],
          "contracts": [],
          "statements": [
            {
              "kind": "assignment",
              "variable": "b",
              "value": {
                "kind": "integer",
                "value": 1
              }
            }
          ]
        }
      ]
    },
    {
      "name": "B",
      "type": "Int",
      "constructorVariables": [],
      "variables": [
        {
          "name": "i",
          "type": "Int"
        }
      ],
      "states": [
        {
          "name": "s",
          "kind": "SIMPLE"
        }
      ],
      "shifts": [],
      "functions": []
    }
  ]
}