{
  "name": "simple",
  "lslVersion": "1.0.0",
  "lang": "java",
  "library-version": "1.0.0f",
  "url": "https://github.com/vldf/",
  "includes": [
    "file.to.include"
  ],
  "types": [
    {
      "name": "SimpleType",
      "isPointer": false,
      "kind": "simple",
      "originalType": {
        "name": "ru.vldf.Type",
        "isPointer": false,
        "kind": "real"
      }
    },
    {
      "name": "SimpleTypeWithGeneric",
      "isPointer": false,
      "kind": "simple",
      "originalType": {
        "name": "ru.vldf.Type",
        "isPointer": false,
        "kind": "real",
        "generic": {
          "name": "ru.vldf.Generic",
          "isPointer": false,
          "kind": "real"
        }
      }
    },
    {
      "name": "EnumLikeType",
      "isPointer": false,
      "kind": "enumLike",
      "type": {
        "name": "ru.vldf.Type",
        "isPointer": false,
        "kind": "real"
      },
      "entries": [
        {
          "name": "VARIANT1",
          "value": {
            "kind": "integer",
            "value": -1
          }
        },
        {
          "name": "VARIANT2",
          "value": {
            "kind": "bool",
            "value": true
          }
        },
        {
          "name": "VARIANT2",
          "value": {
            "kind": "float",
            "value": 1.0
          }
        },
        {
          "name": "VARIANT3",
          "value": {
            "kind": "string",
            "value": "String"
          }
        }
      ]
    },
    {
      "name": "String",
      "isPointer": false,
      "kind": "simple",
      "originalType": {
        "name": "java.lang.String",
        "isPointer": false,
        "kind": "real"
      }
    },
    {
      "name": "Int",
      "isPointer": false,
      "kind": "simple",
      "originalType": {
        "name": "int32",
        "isPointer": false,
        "kind": "int32",
        "capacity": "INT32"
      }
    }
  ],
  "automata": [
    {
      "name": "A",
      "type": "Int",
      "constructorVariables": [],
      "variables": [
        {
          "name": "strVar",
          "type": "String"
        },
        {
          "name": "intVar",
          "type": "Int"
        },
        {
          "name": "b",
          "type": "Int"
        }
      ],
      "states": [
        {
          "name": "S1",
          "kind": "SIMPLE"
        },
        {
          "name": "S2",
          "kind": "SIMPLE"
        }
      ],
      "shifts": [
        {
          "from": "S1",
          "to": "S2",
          "functions": {
            "name": "func",
            "args": [
              "SimpleType"
            ]
          }
        }
      ],
      "functions": [
        {
          "name": "func",
          "automaton": "A",
          "returnType": "SimpleTypeWithGeneric",
          "target": "A",
          "hasBody": false,
          "args": [
            {
              "name": "arg1",
              "type": "SimpleType"
            }
          ],
          "contracts": [],
          "statements": []
        },
        {
          "name": "extendedFunction",
          "automaton": "A",
          "target": "A",
          "hasBody": true,
          "args": [],
          "contracts": [],
          "statements": [
            {
              "kind": "assignment",
              "variable": "strVar",
              "value": {
                "kind": "string",
                "value": ""
              }
            },
            {
              "kind": "assignment",
              "variable": "b",
              "value": {
                "kind": "integer",
                "value": 1
              }
            }
          ]
        }
      ]
    },
    {
      "name": "B",
      "type": "Int",
      "constructorVariables": [],
      "variables": [
        {
          "name": "v",
          "type": "Int"
        }
      ],
      "states": [
        {
          "name": "S1",
          "kind": "SIMPLE"
        },
        {
          "name": "S3",
          "kind": "SIMPLE"
        },
        {
          "name": "S7",
          "kind": "SIMPLE"
        },
        {
          "name": "S2",
          "kind": "SIMPLE"
        }
      ],
      "shifts": [
        {
          "from": "S1",
          "to": "S2",
          "functions": {
            "name": "func",
            "args": [
              "SimpleTypeWithGeneric"
            ]
          }
        },
        {
          "from": "S2",
          "to": "S1",
          "functions": {
            "name": "func",
            "args": [
              "SimpleType"
            ]
          }
        }
      ],
      "functions": [
        {
          "name": "func",
          "automaton": "B",
          "returnType": "SimpleTypeWithGeneric",
          "target": "B",
          "hasBody": false,
          "args": [
            {
              "name": "arg1",
              "type": "SimpleType"
            }
          ],
          "contracts": [],
          "statements": []
        },
        {
          "name": "func",
          "automaton": "B",
          "returnType": "SimpleTypeWithGeneric",
          "target": "B",
          "hasBody": false,
          "args": [
            {
              "name": "arg1",
              "type": "SimpleTypeWithGeneric"
            }
          ],
          "contracts": [],
          "statements": []
        }
      ]
    }
  ]
}